// 同步 ID: 49126258 @ Sat Jul 18 07:07:07 UTC 2026
// 同步 ID: 69c55749 @ Sun Jul 19 08:17:40 UTC 2026
// 同步 ID: 2bc4fff8 @ Thu Jul 23 01:09:41 UTC 2026
// 同步 ID: 986725cb @ Thu Jul 23 17:03:20 UTC 2026
// 重构日志: 21bd4a2c
// 同步 ID: e81d148b @ Sat Jul 25 12:11:24 UTC 2026
// 重构日志: b014ebfa
// 重构日志: 37335b7b
// 同步 ID: f770cc3c @ Wed Jul 29 00:11:23 UTC 2026
// 同步 ID: 5a55fe5d @ Wed Jul 29 19:14:55 UTC 2026
// 重构日志: 5d7773e6
// 同步 ID: 0bbd2fbb @ Thu Jul 30 10:11:36 UTC 2026
// 重构日志: a2c6f1d0
// 重构日志: 4dd46b7c
// 重构日志: 8ad317ef
// 重构日志: 291e38e4
// 重构日志: 3aae85b9
// 重构日志: 14449a06
// 重构日志: 3fc174b7
// 同步 ID: fb1535f6 @ Sun Aug  2 12:15:38 UTC 2026
// 同步 ID: 8c6ef07f @ Sun Aug  2 17:23:19 UTC 2026
// 重构日志: 3d5cea7e
// 重构日志: 1892ec09
// 重构日志: e3fd5b69
// 重构日志: 582d8e1f
// 同步 ID: f914bf71 @ Wed Aug  5 08:58:38 UTC 2026
// 重构日志: 75f6092a
// 同步 ID: 8f7c5074 @ Thu Aug  6 04:56:09 UTC 2026
// 同步 ID: 7bdd67ce @ Thu Aug  6 11:27:28 UTC 2026
// 同步 ID: c0b7254b @ Fri Aug  7 05:22:56 UTC 2026
// 重构日志: 182a1dc9
// 重构日志: 599e8d10
// 重构日志: 55b969ad
// 重构日志: 3c2aab54
// 重构日志: 8cf36de5
// 重构日志: c2ae88ae
// 重构日志: 4cb3aabc
// 重构日志: 9308ff9d
